// Jest Snapshot v1, https://goo.gl/fbAQLP

exports[`renders correctly 1`] = `
<div
  className="container mt-5"
>
  <div
    className="shadow-lg m-5 jumbotron"
    id="heading"
  >
    <h1
      className="mt-5"
    >
      AMIT - Save a life
    </h1>
    <p
      className="lead m-5"
    >
      Share critical medical information instantly with medical professionals using your ID number or Popl
    </p>
    <button
      className="shadow-lg p-3 mb-5 m-5 btn-lg btn-warning"
    >
      <a
        href="#lovedOne"
        style={
          Object {
            "color": "#AC2020",
          }
        }
      >
        Create Account
      </a>
    </button>
    <button
      className="shadow-lg p-3 mb-5 m-5 btn-lg btn btn-warning"
      disabled={false}
      onClick={[Function]}
      style={
        Object {
          "color": "#AC2020",
        }
      }
      type="button"
    >
      Sign In
    </button>
  </div>
  <section
    className="mt-5 intro row"
  >
    <p
      className="col align-self-start text-center"
      style={
        Object {
          "color": "#F47552",
        }
      }
    >
      When a paramedic arrives at a call
    </p>
    <p
      className="col align-self-end"
      style={
        Object {
          "color": "#D3380D",
        }
      }
    >
      <b>
        information can save a life!
      </b>
    </p>
  </section>
  <section
    className="questions row mt-5"
  >
    <p
      className="col align-self-start text-center"
      style={
        Object {
          "color": "#E37892",
        }
      }
    >
      Does the paramedic know if you have 
      <b>
        allergies?
      </b>
    </p>
    <p
      className="col align-self-center text-center"
      style={
        Object {
          "color": "#D9456A",
        }
      }
    >
      Does your mom have a 
      <b>
        pre-existing condition?
      </b>
    </p>
    <p
      className="col align-self-end text-center"
      style={
        Object {
          "color": "#BA264B",
        }
      }
    >
      Is your son on 
      <b>
        chronic medication?
      </b>
    </p>
  </section>
  <section
    className="m-5 p-5 action text-center"
  >
    <p>
      Use 
      <b>
        AMIT
      </b>
       to instantly share critical information with medical professionals using your ID number or Popl
    </p>
    <button
      className="shadow-lg p-3 mb-5 m-5 btn-lg btn-warning"
    >
      <a
        href="#lovedOne"
        style={
          Object {
            "color": "#AC2020",
          }
        }
      >
        Create Account
      </a>
    </button>
  </section>
  <section
    className="row"
  >
    <div
      className="shadow-lg p-3 mb-5 mr-5 col container p-5 text-center"
      id="lovedOne"
    >
      <div
        className="family row"
      >
        <p
          className="col align-self-start text-center"
        >
          Mom & Dad
        </p>
        <p
          className="col align-self-end"
        >
          Brother & Sister
        </p>
      </div>
      <div
        className="family row"
      >
        <p
          className="col align-self-start text-center"
        >
          Son & Daughter
        </p>
        <p
          className="col align-self-end"
        >
          <b>
            All our loved ones...
          </b>
        </p>
      </div>
      <button
        className="shadow-lg p-3 mb-5 m-5 btn-lg btn btn-danger"
        disabled={false}
        onClick={[Function]}
        style={
          Object {
            "color": "#FCBA36",
          }
        }
        type="button"
      >
        <b>
          Create a 
        </b>
        <i>
          Loved One
        </i>
         
        <b>
          Account
        </b>
      </button>
      <p
        className="mt-3"
      >
        <b>
          Safe and Confident
        </b>
      </p>
      <p
        style={
          Object {
            "fontSize": "22px",
          }
        }
      >
        Medical professionals will have access to information if they need to save your life
      </p>
      <p
        className="mt-5"
      >
        <b>
          Secure and In Control
        </b>
      </p>
      <p
        style={
          Object {
            "fontSize": "22px",
          }
        }
      >
        Control what information is accessible and know who accesses your information and when
      </p>
    </div>
    <div
      className="shadow-lg p-3 mb-5 col ml-5 container p-5 text-center"
      id="medical"
    >
      <div
        id="profs"
      >
        <p>
          Paramedics,
        </p>
        <p>
          Doctors,
        </p>
        <p>
          Medical professionals,
        </p>
      </div>
      <p
        className="text-center p-5"
        id="future"
      >
        <b>
          Welcome to the future!
        </b>
      </p>
      <button
        className="shadow-lg p-3 mb-5 m-5 btn-lg btn btn-info"
        disabled={false}
        onClick={[Function]}
        style={
          Object {
            "color": "#003049",
          }
        }
        type="button"
      >
        <b>
          Create a 
        </b>
        <i>
          Medical
        </i>
         
        <b>
          Account
        </b>
      </button>
      <ul
        className="text-center medical-list"
      >
        <li>
           ~ Built for use in the field
        </li>
        <li>
           ~ Reliable information
        </li>
        <li>
           ~ Efficient Access
        </li>
      </ul>
    </div>
  </section>
</div>
`;
